// Jest Snapshot v1, https://goo.gl/fbAQLP

exports[`Smoke and snapshot CompanyCard test should match snapshot 1`] = `
<DocumentFragment>
  <form
    action="/companies"
    method="get"
  >
    <input
      id="name"
      name="name"
      type="text"
      value=""
    />
    <button
      type="submit"
    >
      Search companies
    </button>
  </form>
</DocumentFragment>
`;
